---
source: src/errors.rs
assertion_line: 928
expression: render_for_snapshot(&err)
---
  × profile has `extends` specified more than once
   ╭─[jig.kdl:2:9]
 1 │ foo {
 2 │   child extends="a" extends="b" {}
   ·         ─────┬───── ─────┬─────
   ·              │           ╰── also here
   ·              ╰── first `extends` here
 3 │ }
   ╰────
  help: a profile may inherit from at most one parent in v1; remove the duplicate `extends`
